// Jest Snapshot v1, https://goo.gl/fbAQLP

exports[`check checkbox component generate snapshot test 1`] = `"<div><input type=\\"checkbox\\" value=\\"\\"> <label></label> <br></div>"`;
