// Jest Snapshot v1, https://goo.gl/fbAQLP

exports[`generate snapshot 1`] = `
"<div class=\\"species-content\\">
  <h2>Origin Filter:</h2>
</div>"
`;
